3
10
0
0
3
"===="
"foo called"
"foo1 called"
1
"foo2 called"
1
2
"foo1 called"
1
"===="
2
"===="
3
7
"foo1 called"
1
2
