0
1
3
6
3.1
3.1
3.2
"----"
-1
-1
-4
0.9
"----"
1
2
6
24
6.6
"----"
0.5
2
1
10
0.75
"----"
16
