
8 
"====" 
5 
"====" 
(1 2 0 1) 
"====" 
6 
43 
43 
