5
"----"
(1 nil 10 nil)
(1 2 10 nil)
(1 2 3 nil)
(1 2 3 4)
"----"
(1 nil)
(1 (2))
(1 (2 3))
"----"
(1 nil nil)
(1 2 nil)
(1 2 (3))
(1 2 (3 4))
