<system function +>
<function>
<function>
<function>
