
(100 2 3 100 200) 
(100 10 20) 
"====" 
"nil binding list" 
"nil binding list" 
