
1 
1.2 
120000 
120000 
1.2e-05 
100000 
:foo 
"foo" 
t 
nil 
