
1 
3 
(1 2 3) 
"====" 
1 
1 
(100 200 1 20 100 30) 
(100 200) 
