
null 
boolean 
integer 
float 
symbol 
keyword 
string 
function 
