
t 
nil 
t 
t 
nil 
"====" 
t 
nil 
"====" 
t 
t 
nil 
